Archive member included to satisfy reference by file (symbol)

C:/360ExtremeBrowserDownload/avr8-gnu-toolchain-4.0.0.52-win32.any.x86_64/avr8-gnu-toolchain-win32_x86_64/bin/../lib/gcc/avr/15.1.0/avr5\libgcc.a(_divmodsi4.o)
                              C:\Users\ASUS\Downloads\NEW PROJECT\release\Hal\LCD\LCD_Program.c.o (__divmodsi4)
C:/360ExtremeBrowserDownload/avr8-gnu-toolchain-4.0.0.52-win32.any.x86_64/avr8-gnu-toolchain-win32_x86_64/bin/../lib/gcc/avr/15.1.0/avr5\libgcc.a(_negsi2.o)
                              C:/360ExtremeBrowserDownload/avr8-gnu-toolchain-4.0.0.52-win32.any.x86_64/avr8-gnu-toolchain-win32_x86_64/bin/../lib/gcc/avr/15.1.0/avr5\libgcc.a(_divmodsi4.o) (__negsi2)
C:/360ExtremeBrowserDownload/avr8-gnu-toolchain-4.0.0.52-win32.any.x86_64/avr8-gnu-toolchain-win32_x86_64/bin/../lib/gcc/avr/15.1.0/avr5\libgcc.a(_exit.o)
                              C:/360ExtremeBrowserDownload/avr8-gnu-toolchain-4.0.0.52-win32.any.x86_64/avr8-gnu-toolchain-win32_x86_64/bin/../lib/gcc/avr/15.1.0/../../../../avr/lib/avr5/crtatmega32.o (exit)
C:/360ExtremeBrowserDownload/avr8-gnu-toolchain-4.0.0.52-win32.any.x86_64/avr8-gnu-toolchain-win32_x86_64/bin/../lib/gcc/avr/15.1.0/avr5\libgcc.a(_copy_data.o)
                              C:\Users\ASUS\Downloads\NEW PROJECT\release\Hal\Segment\Segment_Program.c.o (__do_copy_data)
C:/360ExtremeBrowserDownload/avr8-gnu-toolchain-4.0.0.52-win32.any.x86_64/avr8-gnu-toolchain-win32_x86_64/bin/../lib/gcc/avr/15.1.0/avr5\libgcc.a(_clear_bss.o)
                              C:\Users\ASUS\Downloads\NEW PROJECT\release\main.c.o (__do_clear_bss)
C:/360ExtremeBrowserDownload/avr8-gnu-toolchain-4.0.0.52-win32.any.x86_64/avr8-gnu-toolchain-win32_x86_64/bin/../lib/gcc/avr/15.1.0/avr5\libgcc.a(_udivmodsi4.o)
                              C:/360ExtremeBrowserDownload/avr8-gnu-toolchain-4.0.0.52-win32.any.x86_64/avr8-gnu-toolchain-win32_x86_64/bin/../lib/gcc/avr/15.1.0/avr5\libgcc.a(_divmodsi4.o) (__udivmodsi4)

There are no discarded input sections

Memory Configuration

Name             Origin             Length             Attributes
text             0x00000000         0x00008000         xr
data             0x00800060         0x00000800         rw!x
eeprom           0x00810000         0x00000400         rw!x
fuse             0x00820000         0x00000002         rw!x
lock             0x00830000         0x00000400         rw!x
signature        0x00840000         0x00000400         rw!x
user_signatures  0x00850000         0x00000400         rw!x
*default*        0x00000000         0xffffffff

Linker script and memory map

LOAD C:/360ExtremeBrowserDownload/avr8-gnu-toolchain-4.0.0.52-win32.any.x86_64/avr8-gnu-toolchain-win32_x86_64/bin/../lib/gcc/avr/15.1.0/../../../../avr/lib/avr5/crtatmega32.o
LOAD C:\Users\ASUS\Downloads\NEW PROJECT\release\Hal\Button\Button_Program.c.o
LOAD C:\Users\ASUS\Downloads\NEW PROJECT\release\Hal\Buzzer\Buzzer_Program.c.o
LOAD C:\Users\ASUS\Downloads\NEW PROJECT\release\Hal\DC_Motor\DCMotor_Program.c.o
LOAD C:\Users\ASUS\Downloads\NEW PROJECT\release\Hal\KeyPad\KeyPad_Program.c.o
LOAD C:\Users\ASUS\Downloads\NEW PROJECT\release\Hal\LCD\LCD_Program.c.o
LOAD C:\Users\ASUS\Downloads\NEW PROJECT\release\Hal\LDR\LDR_Program.c.o
LOAD C:\Users\ASUS\Downloads\NEW PROJECT\release\Hal\LED\Led_Program.c.o
LOAD C:\Users\ASUS\Downloads\NEW PROJECT\release\Hal\LM35\LM35_Program.c.o
LOAD C:\Users\ASUS\Downloads\NEW PROJECT\release\Hal\Segment\Segment_Program.c.o
LOAD C:\Users\ASUS\Downloads\NEW PROJECT\release\main.c.o
LOAD C:\Users\ASUS\Downloads\NEW PROJECT\release\Mcal\ADC\ADC_Program.c.o
LOAD C:\Users\ASUS\Downloads\NEW PROJECT\release\Mcal\DIO\DIO_Program.c.o
LOAD C:\Users\ASUS\Downloads\NEW PROJECT\release\Mcal\EXTI\EXTI_Program.c.o
LOAD C:\Users\ASUS\Downloads\NEW PROJECT\release\Mcal\GIE\GIE_Program.c.o
LOAD C:\Users\ASUS\Downloads\NEW PROJECT\release\Mcal\Timer0\T0_Program.c.o
LOAD C:\Users\ASUS\Downloads\NEW PROJECT\release\Mcal\Timer1\T1_Program.c.o
LOAD C:\Users\ASUS\Downloads\NEW PROJECT\release\Mcal\Timer2\T2_Program.c.o
START GROUP
LOAD C:/360ExtremeBrowserDownload/avr8-gnu-toolchain-4.0.0.52-win32.any.x86_64/avr8-gnu-toolchain-win32_x86_64/bin/../lib/gcc/avr/15.1.0/avr5\libgcc.a
LOAD C:/360ExtremeBrowserDownload/avr8-gnu-toolchain-4.0.0.52-win32.any.x86_64/avr8-gnu-toolchain-win32_x86_64/bin/../lib/gcc/avr/15.1.0/../../../../avr/lib/avr5\libm.a
LOAD C:/360ExtremeBrowserDownload/avr8-gnu-toolchain-4.0.0.52-win32.any.x86_64/avr8-gnu-toolchain-win32_x86_64/bin/../lib/gcc/avr/15.1.0/../../../../avr/lib/avr5\libc.a
LOAD C:/360ExtremeBrowserDownload/avr8-gnu-toolchain-4.0.0.52-win32.any.x86_64/avr8-gnu-toolchain-win32_x86_64/bin/../lib/gcc/avr/15.1.0/../../../../avr/lib/avr5\libatmega32.a
END GROUP
                [0x00000000]                      __TEXT_REGION_ORIGIN__ = DEFINED (__TEXT_REGION_ORIGIN__)?__TEXT_REGION_ORIGIN__:0x0
                [0x00008000]                      __TEXT_REGION_LENGTH__ = DEFINED (__TEXT_REGION_LENGTH__)?__TEXT_REGION_LENGTH__:0x20000
                [0x00800060]                      __DATA_REGION_ORIGIN__ = DEFINED (__DATA_REGION_ORIGIN__)?__DATA_REGION_ORIGIN__:0x800060
                [0x00000800]                      __DATA_REGION_LENGTH__ = DEFINED (__DATA_REGION_LENGTH__)?__DATA_REGION_LENGTH__:0xffa0
                [0x00000400]                      __EEPROM_REGION_LENGTH__ = DEFINED (__EEPROM_REGION_LENGTH__)?__EEPROM_REGION_LENGTH__:0x10000
                [0x00000002]                      __FUSE_REGION_LENGTH__ = DEFINED (__FUSE_REGION_LENGTH__)?__FUSE_REGION_LENGTH__:0x400
                0x00000400                        __LOCK_REGION_LENGTH__ = DEFINED (__LOCK_REGION_LENGTH__)?__LOCK_REGION_LENGTH__:0x400
                0x00000400                        __SIGNATURE_REGION_LENGTH__ = DEFINED (__SIGNATURE_REGION_LENGTH__)?__SIGNATURE_REGION_LENGTH__:0x400
                0x00000400                        __USER_SIGNATURE_REGION_LENGTH__ = DEFINED (__USER_SIGNATURE_REGION_LENGTH__)?__USER_SIGNATURE_REGION_LENGTH__:0x400

.hash
 *(.hash)

.dynsym
 *(.dynsym)

.dynstr
 *(.dynstr)

.gnu.version
 *(.gnu.version)

.gnu.version_d
 *(.gnu.version_d)

.gnu.version_r
 *(.gnu.version_r)

.rel.init
 *(.rel.init)

.rela.init
 *(.rela.init)

.rel.text
 *(.rel.text)
 *(.rel.text.*)
 *(.rel.gnu.linkonce.t*)

.rela.text
 *(.rela.text)
 *(.rela.text.*)
 *(.rela.gnu.linkonce.t*)

.rel.fini
 *(.rel.fini)

.rela.fini
 *(.rela.fini)

.rel.rodata
 *(.rel.rodata)
 *(.rel.rodata.*)
 *(.rel.gnu.linkonce.r*)

.rela.rodata
 *(.rela.rodata)
 *(.rela.rodata.*)
 *(.rela.gnu.linkonce.r*)

.rel.data
 *(.rel.data)
 *(.rel.data.*)
 *(.rel.gnu.linkonce.d*)

.rela.data
 *(.rela.data)
 *(.rela.data.*)
 *(.rela.gnu.linkonce.d*)

.rel.ctors
 *(.rel.ctors)

.rela.ctors
 *(.rela.ctors)

.rel.dtors
 *(.rel.dtors)

.rela.dtors
 *(.rela.dtors)

.rel.got
 *(.rel.got)

.rela.got
 *(.rela.got)

.rel.bss
 *(.rel.bss)

.rela.bss
 *(.rela.bss)

.rel.plt
 *(.rel.plt)

.rela.plt
 *(.rela.plt)

.text           0x00000000      0xfee
 *(.vectors)
 .vectors       0x00000000       0x54 C:/360ExtremeBrowserDownload/avr8-gnu-toolchain-4.0.0.52-win32.any.x86_64/avr8-gnu-toolchain-win32_x86_64/bin/../lib/gcc/avr/15.1.0/../../../../avr/lib/avr5/crtatmega32.o
                0x00000000                __vector_default
                0x00000000                __vectors
 *(.vectors)
 *(.progmem.gcc*)
                0x00000054                        . = ALIGN (0x2)
                0x00000054                        __trampolines_start = .
 *(.trampolines)
 .trampolines   0x00000054        0x0 linker stubs
 *(.trampolines*)
                0x00000054                        __trampolines_end = .
 *libprintf_flt.a:*(.progmem.data)
 *libc.a:*(.progmem.data)
 *(.progmem.*)
                0x00000054                        . = ALIGN (0x2)
 *(.lowtext)
 *(.lowtext*)
                0x00000054                        __ctors_start = .
 *(.ctors)
                0x00000054                        __ctors_end = .
                0x00000054                        __dtors_start = .
 *(.dtors)
                0x00000054                        __dtors_end = .
 SORT_BY_NAME(*)(.ctors)
 SORT_BY_NAME(*)(.dtors)
 *(.init0)
 .init0         0x00000054        0x0 C:/360ExtremeBrowserDownload/avr8-gnu-toolchain-4.0.0.52-win32.any.x86_64/avr8-gnu-toolchain-win32_x86_64/bin/../lib/gcc/avr/15.1.0/../../../../avr/lib/avr5/crtatmega32.o
                0x00000054                __init
 *(.init0)
 *(.init1)
 *(.init1)
 *(.init2)
 .init2         0x00000054        0xc C:/360ExtremeBrowserDownload/avr8-gnu-toolchain-4.0.0.52-win32.any.x86_64/avr8-gnu-toolchain-win32_x86_64/bin/../lib/gcc/avr/15.1.0/../../../../avr/lib/avr5/crtatmega32.o
 *(.init2)
 *(.init3)
 *(.init3)
 *(.init4)
 .init4         0x00000060       0x16 C:/360ExtremeBrowserDownload/avr8-gnu-toolchain-4.0.0.52-win32.any.x86_64/avr8-gnu-toolchain-win32_x86_64/bin/../lib/gcc/avr/15.1.0/avr5\libgcc.a(_copy_data.o)
                0x00000060                __do_copy_data
 .init4         0x00000076       0x10 C:/360ExtremeBrowserDownload/avr8-gnu-toolchain-4.0.0.52-win32.any.x86_64/avr8-gnu-toolchain-win32_x86_64/bin/../lib/gcc/avr/15.1.0/avr5\libgcc.a(_clear_bss.o)
                0x00000076                __do_clear_bss
 *(.init4)
 *(.init5)
 *(.init5)
 *(.init6)
 *(.init6)
 *(.init7)
 *(.init7)
 *(.init8)
 *(.init8)
 *(.init9)
 .init9         0x00000086        0x8 C:/360ExtremeBrowserDownload/avr8-gnu-toolchain-4.0.0.52-win32.any.x86_64/avr8-gnu-toolchain-win32_x86_64/bin/../lib/gcc/avr/15.1.0/../../../../avr/lib/avr5/crtatmega32.o
 *(.init9)
 *(.text)
 .text          0x0000008e        0x4 C:/360ExtremeBrowserDownload/avr8-gnu-toolchain-4.0.0.52-win32.any.x86_64/avr8-gnu-toolchain-win32_x86_64/bin/../lib/gcc/avr/15.1.0/../../../../avr/lib/avr5/crtatmega32.o
                0x0000008e                __vector_1
                0x0000008e                __vector_12
                0x0000008e                __bad_interrupt
                0x0000008e                __vector_3
                0x0000008e                __vector_13
                0x0000008e                __vector_17
                0x0000008e                __vector_19
                0x0000008e                __vector_15
                0x0000008e                __vector_14
                0x0000008e                __vector_18
                0x0000008e                __vector_20
 .text          0x00000092       0x78 C:\Users\ASUS\Downloads\NEW PROJECT\release\Hal\Button\Button_Program.c.o
                0x00000092                Btn_Init
                0x000000da                Btn_ReadState
 .text          0x0000010a       0x32 C:\Users\ASUS\Downloads\NEW PROJECT\release\Hal\Buzzer\Buzzer_Program.c.o
                0x0000010a                Buzzer_Init
                0x00000130                Buzzer_On
                0x00000136                Buzzer_Off
 .text          0x0000013c        0x0 C:\Users\ASUS\Downloads\NEW PROJECT\release\Hal\DC_Motor\DCMotor_Program.c.o
 .text          0x0000013c        0x4 C:\Users\ASUS\Downloads\NEW PROJECT\release\Hal\KeyPad\KeyPad_Program.c.o
                0x0000013c                KPD_Init
                0x0000013e                KPD_GetPressedKey
 .text          0x00000140      0x292 C:\Users\ASUS\Downloads\NEW PROJECT\release\Hal\LCD\LCD_Program.c.o
                0x00000140                LCD_SendCommand
                0x00000182                LCD_Init
                0x00000204                LCD_WriteCharacter
                0x00000246                LCD_WriteString
                0x00000276                LCD_MoveTo
                0x0000029e                LCD_WriteNumber
                0x0000037c                LCD_StoreSpecialCharacter
 .text          0x000003d2        0x0 C:\Users\ASUS\Downloads\NEW PROJECT\release\Hal\LDR\LDR_Program.c.o
 .text          0x000003d2       0x2a C:\Users\ASUS\Downloads\NEW PROJECT\release\Hal\LED\Led_Program.c.o
                0x000003d2                Led_Init
                0x000003d8                Led_On
                0x000003e4                Led_Off
                0x000003f8                Led_Toggle
 .text          0x000003fc        0x0 C:\Users\ASUS\Downloads\NEW PROJECT\release\Hal\LM35\LM35_Program.c.o
 .text          0x000003fc       0x3a C:\Users\ASUS\Downloads\NEW PROJECT\release\Hal\Segment\Segment_Program.c.o
                0x000003fc                SSD_Init
                0x00000402                SSD_DisplayNumber
                0x00000426                SSD_Off
 .text          0x00000436       0x28 C:\Users\ASUS\Downloads\NEW PROJECT\release\main.c.o
 .text          0x0000045e       0x8a C:\Users\ASUS\Downloads\NEW PROJECT\release\Mcal\ADC\ADC_Program.c.o
                0x0000045e                ADC_Init
                0x000004b0                ADC_ReadChannelPolling
                0x000004c8                ADC_StartConversionInterrupt
                0x000004d6                ADC_SetCallBack
                0x000004d8                __vector_16
 .text          0x000004e8      0x1c4 C:\Users\ASUS\Downloads\NEW PROJECT\release\Mcal\DIO\DIO_Program.c.o
                0x000004e8                DIO_DirectionSelectforPin
                0x00000564                DIO_DirectionSelectforGroup
                0x00000584                DIO_WritePin
                0x00000600                DIO_WriteGroup
                0x00000620                DIO_ReadPin
                0x0000066a                DIO_ReadGroup
                0x0000066c                DIO_TogglePin
                0x000006aa                DIO_ToggleGroup
 .text          0x000006ac       0x76 C:\Users\ASUS\Downloads\NEW PROJECT\release\Mcal\EXTI\EXTI_Program.c.o
                0x000006ac                EXTI_Init
                0x000006fc                EXTI_Disable
                0x00000720                __vector_2
 .text          0x00000722       0x10 C:\Users\ASUS\Downloads\NEW PROJECT\release\Mcal\GIE\GIE_Program.c.o
                0x00000722                GIE_Enable
                0x0000072a                GIE_Disable
 .text          0x00000732      0x10c C:\Users\ASUS\Downloads\NEW PROJECT\release\Mcal\Timer0\T0_Program.c.o
                0x00000732                T0_Init
                0x0000077a                T0_SetCompareValue
                0x0000077e                T0_GetCounterValue
                0x00000782                T0_SetCounterValue
                0x00000786                T0_SetOVFCallBack
                0x00000790                T0_SetCompareCallBack
                0x0000079a                __vector_10
                0x000007ec                __vector_11
 .text          0x0000083e      0x316 C:\Users\ASUS\Downloads\NEW PROJECT\release\Mcal\Timer1\T1_Program.c.o
                0x0000083e                T1_Init
                0x00000884                T1_DeInit
                0x000008b6                T1_Start
                0x000008c8                T1_Stop
                0x000008d0                T1_SetTimerValue
                0x000008d6                T1_GetTimerValue
                0x000008e6                T1_SetCompareValue
                0x000008fa                T1_GetCompareValue
                0x00000920                T1_SetCompareOutputMode
                0x00000954                T1_SetICRValue
                0x0000095a                T1_GetICRValue
                0x0000096a                T1_SetInputCaptureEdge
                0x0000097e                T1_InputCaptureNoiseCanceler
                0x00000992                T1_EnableInterrupt
                0x000009c2                T1_DisableInterrupt
                0x000009f2                T1_SetCallBack
                0x00000a0c                __vector_6
                0x00000a5e                __vector_7
                0x00000ab0                __vector_8
                0x00000b02                __vector_9
 .text          0x00000b54      0x1a4 C:\Users\ASUS\Downloads\NEW PROJECT\release\Mcal\Timer2\T2_Program.c.o
                0x00000b54                T2_Init
                0x00000ba0                T2_DeInit
                0x00000bb8                T2_Start
                0x00000bca                T2_Stop
                0x00000bd2                T2_SetTimerValue
                0x00000bd6                T2_GetTimerValue
                0x00000be2                T2_SetCompareValue
                0x00000be6                T2_GetCompareValue
                0x00000bf2                T2_SetCompareOutputMode
                0x00000c08                T2_EnableInterrupt
                0x00000c20                T2_DisableInterrupt
                0x00000c38                T2_SetCallBack
                0x00000c54                __vector_4
                0x00000ca6                __vector_5
 .text          0x00000cf8        0x0 C:/360ExtremeBrowserDownload/avr8-gnu-toolchain-4.0.0.52-win32.any.x86_64/avr8-gnu-toolchain-win32_x86_64/bin/../lib/gcc/avr/15.1.0/avr5\libgcc.a(_divmodsi4.o)
 .text          0x00000cf8        0x0 C:/360ExtremeBrowserDownload/avr8-gnu-toolchain-4.0.0.52-win32.any.x86_64/avr8-gnu-toolchain-win32_x86_64/bin/../lib/gcc/avr/15.1.0/avr5\libgcc.a(_negsi2.o)
 .text          0x00000cf8        0x0 C:/360ExtremeBrowserDownload/avr8-gnu-toolchain-4.0.0.52-win32.any.x86_64/avr8-gnu-toolchain-win32_x86_64/bin/../lib/gcc/avr/15.1.0/avr5\libgcc.a(_exit.o)
 .text          0x00000cf8        0x0 C:/360ExtremeBrowserDownload/avr8-gnu-toolchain-4.0.0.52-win32.any.x86_64/avr8-gnu-toolchain-win32_x86_64/bin/../lib/gcc/avr/15.1.0/avr5\libgcc.a(_copy_data.o)
 .text          0x00000cf8        0x0 C:/360ExtremeBrowserDownload/avr8-gnu-toolchain-4.0.0.52-win32.any.x86_64/avr8-gnu-toolchain-win32_x86_64/bin/../lib/gcc/avr/15.1.0/avr5\libgcc.a(_clear_bss.o)
 .text          0x00000cf8        0x0 C:/360ExtremeBrowserDownload/avr8-gnu-toolchain-4.0.0.52-win32.any.x86_64/avr8-gnu-toolchain-win32_x86_64/bin/../lib/gcc/avr/15.1.0/avr5\libgcc.a(_udivmodsi4.o)
                0x00000cf8                        . = ALIGN (0x2)
 *(.text.*)
 .text.startup  0x00000cf8      0x270 C:\Users\ASUS\Downloads\NEW PROJECT\release\main.c.o
                0x00000cf8                main
 .text.libgcc.mul
                0x00000f68        0x0 C:/360ExtremeBrowserDownload/avr8-gnu-toolchain-4.0.0.52-win32.any.x86_64/avr8-gnu-toolchain-win32_x86_64/bin/../lib/gcc/avr/15.1.0/avr5\libgcc.a(_divmodsi4.o)
 .text.libgcc.div
                0x00000f68       0x2e C:/360ExtremeBrowserDownload/avr8-gnu-toolchain-4.0.0.52-win32.any.x86_64/avr8-gnu-toolchain-win32_x86_64/bin/../lib/gcc/avr/15.1.0/avr5\libgcc.a(_divmodsi4.o)
                0x00000f68                __divmodsi4
 .text.libgcc   0x00000f96        0x0 C:/360ExtremeBrowserDownload/avr8-gnu-toolchain-4.0.0.52-win32.any.x86_64/avr8-gnu-toolchain-win32_x86_64/bin/../lib/gcc/avr/15.1.0/avr5\libgcc.a(_divmodsi4.o)
 .text.libgcc.prologue
                0x00000f96        0x0 C:/360ExtremeBrowserDownload/avr8-gnu-toolchain-4.0.0.52-win32.any.x86_64/avr8-gnu-toolchain-win32_x86_64/bin/../lib/gcc/avr/15.1.0/avr5\libgcc.a(_divmodsi4.o)
 .text.libgcc.builtins
                0x00000f96        0x0 C:/360ExtremeBrowserDownload/avr8-gnu-toolchain-4.0.0.52-win32.any.x86_64/avr8-gnu-toolchain-win32_x86_64/bin/../lib/gcc/avr/15.1.0/avr5\libgcc.a(_divmodsi4.o)
 .text.libgcc.fmul
                0x00000f96        0x0 C:/360ExtremeBrowserDownload/avr8-gnu-toolchain-4.0.0.52-win32.any.x86_64/avr8-gnu-toolchain-win32_x86_64/bin/../lib/gcc/avr/15.1.0/avr5\libgcc.a(_divmodsi4.o)
 .text.libgcc.fixed
                0x00000f96        0x0 C:/360ExtremeBrowserDownload/avr8-gnu-toolchain-4.0.0.52-win32.any.x86_64/avr8-gnu-toolchain-win32_x86_64/bin/../lib/gcc/avr/15.1.0/avr5\libgcc.a(_divmodsi4.o)
 .text.libgcc.mul
                0x00000f96        0x0 C:/360ExtremeBrowserDownload/avr8-gnu-toolchain-4.0.0.52-win32.any.x86_64/avr8-gnu-toolchain-win32_x86_64/bin/../lib/gcc/avr/15.1.0/avr5\libgcc.a(_negsi2.o)
 .text.libgcc.div
                0x00000f96       0x10 C:/360ExtremeBrowserDownload/avr8-gnu-toolchain-4.0.0.52-win32.any.x86_64/avr8-gnu-toolchain-win32_x86_64/bin/../lib/gcc/avr/15.1.0/avr5\libgcc.a(_negsi2.o)
                0x00000f96                __negsi2
 .text.libgcc   0x00000fa6        0x0 C:/360ExtremeBrowserDownload/avr8-gnu-toolchain-4.0.0.52-win32.any.x86_64/avr8-gnu-toolchain-win32_x86_64/bin/../lib/gcc/avr/15.1.0/avr5\libgcc.a(_negsi2.o)
 .text.libgcc.prologue
                0x00000fa6        0x0 C:/360ExtremeBrowserDownload/avr8-gnu-toolchain-4.0.0.52-win32.any.x86_64/avr8-gnu-toolchain-win32_x86_64/bin/../lib/gcc/avr/15.1.0/avr5\libgcc.a(_negsi2.o)
 .text.libgcc.builtins
                0x00000fa6        0x0 C:/360ExtremeBrowserDownload/avr8-gnu-toolchain-4.0.0.52-win32.any.x86_64/avr8-gnu-toolchain-win32_x86_64/bin/../lib/gcc/avr/15.1.0/avr5\libgcc.a(_negsi2.o)
 .text.libgcc.fmul
                0x00000fa6        0x0 C:/360ExtremeBrowserDownload/avr8-gnu-toolchain-4.0.0.52-win32.any.x86_64/avr8-gnu-toolchain-win32_x86_64/bin/../lib/gcc/avr/15.1.0/avr5\libgcc.a(_negsi2.o)
 .text.libgcc.fixed
                0x00000fa6        0x0 C:/360ExtremeBrowserDownload/avr8-gnu-toolchain-4.0.0.52-win32.any.x86_64/avr8-gnu-toolchain-win32_x86_64/bin/../lib/gcc/avr/15.1.0/avr5\libgcc.a(_negsi2.o)
 .text.libgcc.mul
                0x00000fa6        0x0 C:/360ExtremeBrowserDownload/avr8-gnu-toolchain-4.0.0.52-win32.any.x86_64/avr8-gnu-toolchain-win32_x86_64/bin/../lib/gcc/avr/15.1.0/avr5\libgcc.a(_exit.o)
 .text.libgcc.div
                0x00000fa6        0x0 C:/360ExtremeBrowserDownload/avr8-gnu-toolchain-4.0.0.52-win32.any.x86_64/avr8-gnu-toolchain-win32_x86_64/bin/../lib/gcc/avr/15.1.0/avr5\libgcc.a(_exit.o)
 .text.libgcc   0x00000fa6        0x0 C:/360ExtremeBrowserDownload/avr8-gnu-toolchain-4.0.0.52-win32.any.x86_64/avr8-gnu-toolchain-win32_x86_64/bin/../lib/gcc/avr/15.1.0/avr5\libgcc.a(_exit.o)
 .text.libgcc.prologue
                0x00000fa6        0x0 C:/360ExtremeBrowserDownload/avr8-gnu-toolchain-4.0.0.52-win32.any.x86_64/avr8-gnu-toolchain-win32_x86_64/bin/../lib/gcc/avr/15.1.0/avr5\libgcc.a(_exit.o)
 .text.libgcc.builtins
                0x00000fa6        0x0 C:/360ExtremeBrowserDownload/avr8-gnu-toolchain-4.0.0.52-win32.any.x86_64/avr8-gnu-toolchain-win32_x86_64/bin/../lib/gcc/avr/15.1.0/avr5\libgcc.a(_exit.o)
 .text.libgcc.fmul
                0x00000fa6        0x0 C:/360ExtremeBrowserDownload/avr8-gnu-toolchain-4.0.0.52-win32.any.x86_64/avr8-gnu-toolchain-win32_x86_64/bin/../lib/gcc/avr/15.1.0/avr5\libgcc.a(_exit.o)
 .text.libgcc.fixed
                0x00000fa6        0x0 C:/360ExtremeBrowserDownload/avr8-gnu-toolchain-4.0.0.52-win32.any.x86_64/avr8-gnu-toolchain-win32_x86_64/bin/../lib/gcc/avr/15.1.0/avr5\libgcc.a(_exit.o)
 .text.libgcc.mul
                0x00000fa6        0x0 C:/360ExtremeBrowserDownload/avr8-gnu-toolchain-4.0.0.52-win32.any.x86_64/avr8-gnu-toolchain-win32_x86_64/bin/../lib/gcc/avr/15.1.0/avr5\libgcc.a(_copy_data.o)
 .text.libgcc.div
                0x00000fa6        0x0 C:/360ExtremeBrowserDownload/avr8-gnu-toolchain-4.0.0.52-win32.any.x86_64/avr8-gnu-toolchain-win32_x86_64/bin/../lib/gcc/avr/15.1.0/avr5\libgcc.a(_copy_data.o)
 .text.libgcc   0x00000fa6        0x0 C:/360ExtremeBrowserDownload/avr8-gnu-toolchain-4.0.0.52-win32.any.x86_64/avr8-gnu-toolchain-win32_x86_64/bin/../lib/gcc/avr/15.1.0/avr5\libgcc.a(_copy_data.o)
 .text.libgcc.prologue
                0x00000fa6        0x0 C:/360ExtremeBrowserDownload/avr8-gnu-toolchain-4.0.0.52-win32.any.x86_64/avr8-gnu-toolchain-win32_x86_64/bin/../lib/gcc/avr/15.1.0/avr5\libgcc.a(_copy_data.o)
 .text.libgcc.builtins
                0x00000fa6        0x0 C:/360ExtremeBrowserDownload/avr8-gnu-toolchain-4.0.0.52-win32.any.x86_64/avr8-gnu-toolchain-win32_x86_64/bin/../lib/gcc/avr/15.1.0/avr5\libgcc.a(_copy_data.o)
 .text.libgcc.fmul
                0x00000fa6        0x0 C:/360ExtremeBrowserDownload/avr8-gnu-toolchain-4.0.0.52-win32.any.x86_64/avr8-gnu-toolchain-win32_x86_64/bin/../lib/gcc/avr/15.1.0/avr5\libgcc.a(_copy_data.o)
 .text.libgcc.fixed
                0x00000fa6        0x0 C:/360ExtremeBrowserDownload/avr8-gnu-toolchain-4.0.0.52-win32.any.x86_64/avr8-gnu-toolchain-win32_x86_64/bin/../lib/gcc/avr/15.1.0/avr5\libgcc.a(_copy_data.o)
 .text.libgcc.mul
                0x00000fa6        0x0 C:/360ExtremeBrowserDownload/avr8-gnu-toolchain-4.0.0.52-win32.any.x86_64/avr8-gnu-toolchain-win32_x86_64/bin/../lib/gcc/avr/15.1.0/avr5\libgcc.a(_clear_bss.o)
 .text.libgcc.div
                0x00000fa6        0x0 C:/360ExtremeBrowserDownload/avr8-gnu-toolchain-4.0.0.52-win32.any.x86_64/avr8-gnu-toolchain-win32_x86_64/bin/../lib/gcc/avr/15.1.0/avr5\libgcc.a(_clear_bss.o)
 .text.libgcc   0x00000fa6        0x0 C:/360ExtremeBrowserDownload/avr8-gnu-toolchain-4.0.0.52-win32.any.x86_64/avr8-gnu-toolchain-win32_x86_64/bin/../lib/gcc/avr/15.1.0/avr5\libgcc.a(_clear_bss.o)
 .text.libgcc.prologue
                0x00000fa6        0x0 C:/360ExtremeBrowserDownload/avr8-gnu-toolchain-4.0.0.52-win32.any.x86_64/avr8-gnu-toolchain-win32_x86_64/bin/../lib/gcc/avr/15.1.0/avr5\libgcc.a(_clear_bss.o)
 .text.libgcc.builtins
                0x00000fa6        0x0 C:/360ExtremeBrowserDownload/avr8-gnu-toolchain-4.0.0.52-win32.any.x86_64/avr8-gnu-toolchain-win32_x86_64/bin/../lib/gcc/avr/15.1.0/avr5\libgcc.a(_clear_bss.o)
 .text.libgcc.fmul
                0x00000fa6        0x0 C:/360ExtremeBrowserDownload/avr8-gnu-toolchain-4.0.0.52-win32.any.x86_64/avr8-gnu-toolchain-win32_x86_64/bin/../lib/gcc/avr/15.1.0/avr5\libgcc.a(_clear_bss.o)
 .text.libgcc.fixed
                0x00000fa6        0x0 C:/360ExtremeBrowserDownload/avr8-gnu-toolchain-4.0.0.52-win32.any.x86_64/avr8-gnu-toolchain-win32_x86_64/bin/../lib/gcc/avr/15.1.0/avr5\libgcc.a(_clear_bss.o)
 .text.libgcc.mul
                0x00000fa6        0x0 C:/360ExtremeBrowserDownload/avr8-gnu-toolchain-4.0.0.52-win32.any.x86_64/avr8-gnu-toolchain-win32_x86_64/bin/../lib/gcc/avr/15.1.0/avr5\libgcc.a(_udivmodsi4.o)
 .text.libgcc.div
                0x00000fa6       0x44 C:/360ExtremeBrowserDownload/avr8-gnu-toolchain-4.0.0.52-win32.any.x86_64/avr8-gnu-toolchain-win32_x86_64/bin/../lib/gcc/avr/15.1.0/avr5\libgcc.a(_udivmodsi4.o)
                0x00000fa6                __udivmodsi4
 .text.libgcc   0x00000fea        0x0 C:/360ExtremeBrowserDownload/avr8-gnu-toolchain-4.0.0.52-win32.any.x86_64/avr8-gnu-toolchain-win32_x86_64/bin/../lib/gcc/avr/15.1.0/avr5\libgcc.a(_udivmodsi4.o)
 .text.libgcc.prologue
                0x00000fea        0x0 C:/360ExtremeBrowserDownload/avr8-gnu-toolchain-4.0.0.52-win32.any.x86_64/avr8-gnu-toolchain-win32_x86_64/bin/../lib/gcc/avr/15.1.0/avr5\libgcc.a(_udivmodsi4.o)
 .text.libgcc.builtins
                0x00000fea        0x0 C:/360ExtremeBrowserDownload/avr8-gnu-toolchain-4.0.0.52-win32.any.x86_64/avr8-gnu-toolchain-win32_x86_64/bin/../lib/gcc/avr/15.1.0/avr5\libgcc.a(_udivmodsi4.o)
 .text.libgcc.fmul
                0x00000fea        0x0 C:/360ExtremeBrowserDownload/avr8-gnu-toolchain-4.0.0.52-win32.any.x86_64/avr8-gnu-toolchain-win32_x86_64/bin/../lib/gcc/avr/15.1.0/avr5\libgcc.a(_udivmodsi4.o)
 .text.libgcc.fixed
                0x00000fea        0x0 C:/360ExtremeBrowserDownload/avr8-gnu-toolchain-4.0.0.52-win32.any.x86_64/avr8-gnu-toolchain-win32_x86_64/bin/../lib/gcc/avr/15.1.0/avr5\libgcc.a(_udivmodsi4.o)
                0x00000fea                        . = ALIGN (0x2)
 *(.fini9)
 .fini9         0x00000fea        0x0 C:/360ExtremeBrowserDownload/avr8-gnu-toolchain-4.0.0.52-win32.any.x86_64/avr8-gnu-toolchain-win32_x86_64/bin/../lib/gcc/avr/15.1.0/avr5\libgcc.a(_exit.o)
                0x00000fea                _exit
                0x00000fea                exit
 *(.fini9)
 *(.fini8)
 *(.fini8)
 *(.fini7)
 *(.fini7)
 *(.fini6)
 *(.fini6)
 *(.fini5)
 *(.fini5)
 *(.fini4)
 *(.fini4)
 *(.fini3)
 *(.fini3)
 *(.fini2)
 *(.fini2)
 *(.fini1)
 *(.fini1)
 *(.fini0)
 .fini0         0x00000fea        0x4 C:/360ExtremeBrowserDownload/avr8-gnu-toolchain-4.0.0.52-win32.any.x86_64/avr8-gnu-toolchain-win32_x86_64/bin/../lib/gcc/avr/15.1.0/avr5\libgcc.a(_exit.o)
 *(.fini0)
 *(.hightext)
 *(.hightext*)
 *(.progmemx.*)
                0x00000fee                        . = ALIGN (0x2)
 *(.jumptables)
 *(.jumptables*)
                0x00000fee                        _etext = .

.data           0x00800060       0x10 load address 0x00000fee
                0x00800060                        PROVIDE (__data_start = .)
 *(.data)
 .data          0x00800060        0x0 C:/360ExtremeBrowserDownload/avr8-gnu-toolchain-4.0.0.52-win32.any.x86_64/avr8-gnu-toolchain-win32_x86_64/bin/../lib/gcc/avr/15.1.0/../../../../avr/lib/avr5/crtatmega32.o
 .data          0x00800060        0x0 C:\Users\ASUS\Downloads\NEW PROJECT\release\Hal\Button\Button_Program.c.o
 .data          0x00800060        0x0 C:\Users\ASUS\Downloads\NEW PROJECT\release\Hal\Buzzer\Buzzer_Program.c.o
 .data          0x00800060        0x0 C:\Users\ASUS\Downloads\NEW PROJECT\release\Hal\DC_Motor\DCMotor_Program.c.o
 .data          0x00800060        0x0 C:\Users\ASUS\Downloads\NEW PROJECT\release\Hal\KeyPad\KeyPad_Program.c.o
 .data          0x00800060        0x0 C:\Users\ASUS\Downloads\NEW PROJECT\release\Hal\LCD\LCD_Program.c.o
 .data          0x00800060        0x0 C:\Users\ASUS\Downloads\NEW PROJECT\release\Hal\LDR\LDR_Program.c.o
 .data          0x00800060        0x0 C:\Users\ASUS\Downloads\NEW PROJECT\release\Hal\LED\Led_Program.c.o
 .data          0x00800060        0x0 C:\Users\ASUS\Downloads\NEW PROJECT\release\Hal\LM35\LM35_Program.c.o
 .data          0x00800060        0x0 C:\Users\ASUS\Downloads\NEW PROJECT\release\Hal\Segment\Segment_Program.c.o
 .data          0x00800060        0x0 C:\Users\ASUS\Downloads\NEW PROJECT\release\main.c.o
 .data          0x00800060        0x0 C:\Users\ASUS\Downloads\NEW PROJECT\release\Mcal\ADC\ADC_Program.c.o
 .data          0x00800060        0x0 C:\Users\ASUS\Downloads\NEW PROJECT\release\Mcal\DIO\DIO_Program.c.o
 .data          0x00800060        0x0 C:\Users\ASUS\Downloads\NEW PROJECT\release\Mcal\EXTI\EXTI_Program.c.o
 .data          0x00800060        0x0 C:\Users\ASUS\Downloads\NEW PROJECT\release\Mcal\GIE\GIE_Program.c.o
 .data          0x00800060        0x0 C:\Users\ASUS\Downloads\NEW PROJECT\release\Mcal\Timer0\T0_Program.c.o
 .data          0x00800060        0x0 C:\Users\ASUS\Downloads\NEW PROJECT\release\Mcal\Timer1\T1_Program.c.o
 .data          0x00800060        0x0 C:\Users\ASUS\Downloads\NEW PROJECT\release\Mcal\Timer2\T2_Program.c.o
 .data          0x00800060        0x0 C:/360ExtremeBrowserDownload/avr8-gnu-toolchain-4.0.0.52-win32.any.x86_64/avr8-gnu-toolchain-win32_x86_64/bin/../lib/gcc/avr/15.1.0/avr5\libgcc.a(_divmodsi4.o)
 .data          0x00800060        0x0 C:/360ExtremeBrowserDownload/avr8-gnu-toolchain-4.0.0.52-win32.any.x86_64/avr8-gnu-toolchain-win32_x86_64/bin/../lib/gcc/avr/15.1.0/avr5\libgcc.a(_negsi2.o)
 .data          0x00800060        0x0 C:/360ExtremeBrowserDownload/avr8-gnu-toolchain-4.0.0.52-win32.any.x86_64/avr8-gnu-toolchain-win32_x86_64/bin/../lib/gcc/avr/15.1.0/avr5\libgcc.a(_exit.o)
 .data          0x00800060        0x0 C:/360ExtremeBrowserDownload/avr8-gnu-toolchain-4.0.0.52-win32.any.x86_64/avr8-gnu-toolchain-win32_x86_64/bin/../lib/gcc/avr/15.1.0/avr5\libgcc.a(_copy_data.o)
 .data          0x00800060        0x0 C:/360ExtremeBrowserDownload/avr8-gnu-toolchain-4.0.0.52-win32.any.x86_64/avr8-gnu-toolchain-win32_x86_64/bin/../lib/gcc/avr/15.1.0/avr5\libgcc.a(_clear_bss.o)
 .data          0x00800060        0x0 C:/360ExtremeBrowserDownload/avr8-gnu-toolchain-4.0.0.52-win32.any.x86_64/avr8-gnu-toolchain-win32_x86_64/bin/../lib/gcc/avr/15.1.0/avr5\libgcc.a(_udivmodsi4.o)
 *(.data*)
 *(.gnu.linkonce.d*)
 *(.rodata)
 .rodata        0x00800060        0xa C:\Users\ASUS\Downloads\NEW PROJECT\release\Hal\Segment\Segment_Program.c.o
 .rodata        0x0080006a        0x6 C:\Users\ASUS\Downloads\NEW PROJECT\release\main.c.o
 *(.rodata*)
 *(.gnu.linkonce.r*)
                0x00800070                        . = ALIGN (0x2)
                0x00800070                        _edata = .
                0x00800070                        PROVIDE (__data_end = .)

.bss            0x00800070       0x16
                0x00800070                        PROVIDE (__bss_start = .)
 *(.bss)
 .bss           0x00800070        0x0 C:/360ExtremeBrowserDownload/avr8-gnu-toolchain-4.0.0.52-win32.any.x86_64/avr8-gnu-toolchain-win32_x86_64/bin/../lib/gcc/avr/15.1.0/../../../../avr/lib/avr5/crtatmega32.o
 .bss           0x00800070        0x0 C:\Users\ASUS\Downloads\NEW PROJECT\release\Hal\Button\Button_Program.c.o
 .bss           0x00800070        0x0 C:\Users\ASUS\Downloads\NEW PROJECT\release\Hal\Buzzer\Buzzer_Program.c.o
 .bss           0x00800070        0x0 C:\Users\ASUS\Downloads\NEW PROJECT\release\Hal\DC_Motor\DCMotor_Program.c.o
 .bss           0x00800070        0x0 C:\Users\ASUS\Downloads\NEW PROJECT\release\Hal\KeyPad\KeyPad_Program.c.o
 .bss           0x00800070        0x0 C:\Users\ASUS\Downloads\NEW PROJECT\release\Hal\LCD\LCD_Program.c.o
 .bss           0x00800070        0x0 C:\Users\ASUS\Downloads\NEW PROJECT\release\Hal\LDR\LDR_Program.c.o
 .bss           0x00800070        0x0 C:\Users\ASUS\Downloads\NEW PROJECT\release\Hal\LED\Led_Program.c.o
 .bss           0x00800070        0x0 C:\Users\ASUS\Downloads\NEW PROJECT\release\Hal\LM35\LM35_Program.c.o
 .bss           0x00800070        0x0 C:\Users\ASUS\Downloads\NEW PROJECT\release\Hal\Segment\Segment_Program.c.o
 .bss           0x00800070        0x4 C:\Users\ASUS\Downloads\NEW PROJECT\release\main.c.o
 .bss           0x00800074        0x0 C:\Users\ASUS\Downloads\NEW PROJECT\release\Mcal\ADC\ADC_Program.c.o
 .bss           0x00800074        0x0 C:\Users\ASUS\Downloads\NEW PROJECT\release\Mcal\DIO\DIO_Program.c.o
 .bss           0x00800074        0x0 C:\Users\ASUS\Downloads\NEW PROJECT\release\Mcal\EXTI\EXTI_Program.c.o
 .bss           0x00800074        0x0 C:\Users\ASUS\Downloads\NEW PROJECT\release\Mcal\GIE\GIE_Program.c.o
 .bss           0x00800074        0x4 C:\Users\ASUS\Downloads\NEW PROJECT\release\Mcal\Timer0\T0_Program.c.o
 .bss           0x00800078        0x9 C:\Users\ASUS\Downloads\NEW PROJECT\release\Mcal\Timer1\T1_Program.c.o
 .bss           0x00800081        0x5 C:\Users\ASUS\Downloads\NEW PROJECT\release\Mcal\Timer2\T2_Program.c.o
 .bss           0x00800086        0x0 C:/360ExtremeBrowserDownload/avr8-gnu-toolchain-4.0.0.52-win32.any.x86_64/avr8-gnu-toolchain-win32_x86_64/bin/../lib/gcc/avr/15.1.0/avr5\libgcc.a(_divmodsi4.o)
 .bss           0x00800086        0x0 C:/360ExtremeBrowserDownload/avr8-gnu-toolchain-4.0.0.52-win32.any.x86_64/avr8-gnu-toolchain-win32_x86_64/bin/../lib/gcc/avr/15.1.0/avr5\libgcc.a(_negsi2.o)
 .bss           0x00800086        0x0 C:/360ExtremeBrowserDownload/avr8-gnu-toolchain-4.0.0.52-win32.any.x86_64/avr8-gnu-toolchain-win32_x86_64/bin/../lib/gcc/avr/15.1.0/avr5\libgcc.a(_exit.o)
 .bss           0x00800086        0x0 C:/360ExtremeBrowserDownload/avr8-gnu-toolchain-4.0.0.52-win32.any.x86_64/avr8-gnu-toolchain-win32_x86_64/bin/../lib/gcc/avr/15.1.0/avr5\libgcc.a(_copy_data.o)
 .bss           0x00800086        0x0 C:/360ExtremeBrowserDownload/avr8-gnu-toolchain-4.0.0.52-win32.any.x86_64/avr8-gnu-toolchain-win32_x86_64/bin/../lib/gcc/avr/15.1.0/avr5\libgcc.a(_clear_bss.o)
 .bss           0x00800086        0x0 C:/360ExtremeBrowserDownload/avr8-gnu-toolchain-4.0.0.52-win32.any.x86_64/avr8-gnu-toolchain-win32_x86_64/bin/../lib/gcc/avr/15.1.0/avr5\libgcc.a(_udivmodsi4.o)
 *(.bss*)
 *(COMMON)
                0x00800086                        PROVIDE (__bss_end = .)
                0x00000fee                        __data_load_start = LOADADDR (.data)
                0x00000ffe                        __data_load_end = (__data_load_start + SIZEOF (.data))

.noinit         0x00800086        0x0
                [!provide]                        PROVIDE (__noinit_start = .)
 *(.noinit .noinit.* .gnu.linkonce.n.*)
                [!provide]                        PROVIDE (__noinit_end = .)
                0x00800086                        _end = .
                [!provide]                        PROVIDE (__heap_start = .)
                0x00000000                        __flmap_init_label = DEFINED (__flmap_noinit_start)?__flmap_noinit_start:0x0
                0x00000000                        __flmap = DEFINED (__flmap)?__flmap:0x0

.eeprom         0x00810000        0x0
 *(.eeprom*)
                0x00810000                        __eeprom_end = .

.fuse
 *(.fuse)
 *(.lfuse)
 *(.hfuse)
 *(.efuse)

.lock
 *(.lock*)

.signature
 *(.signature*)

.stab
 *(.stab)

.stabstr
 *(.stabstr)

.stab.excl
 *(.stab.excl)

.stab.exclstr
 *(.stab.exclstr)

.stab.index
 *(.stab.index)

.stab.indexstr
 *(.stab.indexstr)

.comment        0x00000000       0x2f
 *(.comment)
 .comment       0x00000000       0x2f C:\Users\ASUS\Downloads\NEW PROJECT\release\Hal\Button\Button_Program.c.o
                                 0x30 (size before relaxing)
 .comment       0x0000002f       0x30 C:\Users\ASUS\Downloads\NEW PROJECT\release\Hal\Buzzer\Buzzer_Program.c.o
 .comment       0x0000002f       0x30 C:\Users\ASUS\Downloads\NEW PROJECT\release\Hal\DC_Motor\DCMotor_Program.c.o
 .comment       0x0000002f       0x30 C:\Users\ASUS\Downloads\NEW PROJECT\release\Hal\KeyPad\KeyPad_Program.c.o
 .comment       0x0000002f       0x30 C:\Users\ASUS\Downloads\NEW PROJECT\release\Hal\LCD\LCD_Program.c.o
 .comment       0x0000002f       0x30 C:\Users\ASUS\Downloads\NEW PROJECT\release\Hal\LDR\LDR_Program.c.o
 .comment       0x0000002f       0x30 C:\Users\ASUS\Downloads\NEW PROJECT\release\Hal\LED\Led_Program.c.o
 .comment       0x0000002f       0x30 C:\Users\ASUS\Downloads\NEW PROJECT\release\Hal\LM35\LM35_Program.c.o
 .comment       0x0000002f       0x30 C:\Users\ASUS\Downloads\NEW PROJECT\release\Hal\Segment\Segment_Program.c.o
 .comment       0x0000002f       0x30 C:\Users\ASUS\Downloads\NEW PROJECT\release\main.c.o
 .comment       0x0000002f       0x30 C:\Users\ASUS\Downloads\NEW PROJECT\release\Mcal\ADC\ADC_Program.c.o
 .comment       0x0000002f       0x30 C:\Users\ASUS\Downloads\NEW PROJECT\release\Mcal\DIO\DIO_Program.c.o
 .comment       0x0000002f       0x30 C:\Users\ASUS\Downloads\NEW PROJECT\release\Mcal\EXTI\EXTI_Program.c.o
 .comment       0x0000002f       0x30 C:\Users\ASUS\Downloads\NEW PROJECT\release\Mcal\GIE\GIE_Program.c.o
 .comment       0x0000002f       0x30 C:\Users\ASUS\Downloads\NEW PROJECT\release\Mcal\Timer0\T0_Program.c.o
 .comment       0x0000002f       0x30 C:\Users\ASUS\Downloads\NEW PROJECT\release\Mcal\Timer1\T1_Program.c.o
 .comment       0x0000002f       0x30 C:\Users\ASUS\Downloads\NEW PROJECT\release\Mcal\Timer2\T2_Program.c.o

.note.gnu.avr.deviceinfo
                0x00000000       0x3c
 .note.gnu.avr.deviceinfo
                0x00000000       0x3c C:/360ExtremeBrowserDownload/avr8-gnu-toolchain-4.0.0.52-win32.any.x86_64/avr8-gnu-toolchain-win32_x86_64/bin/../lib/gcc/avr/15.1.0/../../../../avr/lib/avr5/crtatmega32.o

.gnu.build.attributes
 *(.gnu.build.attributes .gnu.build.attributes.*)

.note.gnu.build-id
 *(.note.gnu.build-id)

.debug
 *(.debug)

.line
 *(.line)

.debug_srcinfo
 *(.debug_srcinfo)

.debug_sfnames
 *(.debug_sfnames)

.debug_aranges
 *(.debug_aranges)

.debug_pubnames
 *(.debug_pubnames)

.debug_info     0x00000000      0x4e6
 *(.debug_info .gnu.linkonce.wi.*)
 .debug_info    0x00000000      0x4e6 C:/360ExtremeBrowserDownload/avr8-gnu-toolchain-4.0.0.52-win32.any.x86_64/avr8-gnu-toolchain-win32_x86_64/bin/../lib/gcc/avr/15.1.0/../../../../avr/lib/avr5/crtatmega32.o

.debug_abbrev   0x00000000      0x4a3
 *(.debug_abbrev)
 .debug_abbrev  0x00000000      0x4a3 C:/360ExtremeBrowserDownload/avr8-gnu-toolchain-4.0.0.52-win32.any.x86_64/avr8-gnu-toolchain-win32_x86_64/bin/../lib/gcc/avr/15.1.0/../../../../avr/lib/avr5/crtatmega32.o

.debug_line     0x00000000       0x1d
 *(.debug_line .debug_line.* .debug_line_end)
 .debug_line    0x00000000       0x1d C:/360ExtremeBrowserDownload/avr8-gnu-toolchain-4.0.0.52-win32.any.x86_64/avr8-gnu-toolchain-win32_x86_64/bin/../lib/gcc/avr/15.1.0/../../../../avr/lib/avr5/crtatmega32.o

.debug_frame
 *(.debug_frame)

.debug_str      0x00000000      0x196
 *(.debug_str)
 .debug_str     0x00000000      0x196 C:/360ExtremeBrowserDownload/avr8-gnu-toolchain-4.0.0.52-win32.any.x86_64/avr8-gnu-toolchain-win32_x86_64/bin/../lib/gcc/avr/15.1.0/../../../../avr/lib/avr5/crtatmega32.o

.debug_loc
 *(.debug_loc)

.debug_macinfo
 *(.debug_macinfo)

.debug_weaknames
 *(.debug_weaknames)

.debug_funcnames
 *(.debug_funcnames)

.debug_typenames
 *(.debug_typenames)

.debug_varnames
 *(.debug_varnames)

.debug_pubtypes
 *(.debug_pubtypes)

.debug_ranges
 *(.debug_ranges)

.debug_addr
 *(.debug_addr)

.debug_line_str
 *(.debug_line_str)

.debug_loclists
 *(.debug_loclists)

.debug_macro
 *(.debug_macro)

.debug_names
 *(.debug_names)

.debug_rnglists
 *(.debug_rnglists)

.debug_str_offsets
 *(.debug_str_offsets)

.debug_sup
 *(.debug_sup)
OUTPUT(C:\Users\ASUS\Downloads\NEW PROJECT\release\NEW PROJECT .elf elf32-avr)
LOAD linker stubs
